[14:49:01] [main/INFO] (FabricLoader/GameProvider) Loading Minecraft 1.20.1 with Fabric Loader 0.16.10
[14:49:01] [main/INFO] (FabricLoader) Loading 66 mods:
	- butterfly_api 1.0.0
	- celestara 1.0.0
	- fabric-api 0.92.6+1.20.1
	- fabric-api-base 0.4.32+1802ada577
	- fabric-api-lookup-api-v1 1.6.37+1802ada577
	- fabric-biome-api-v1 13.0.14+1802ada577
	- fabric-block-api-v1 1.0.12+1802ada577
	- fabric-block-view-api-v2 1.0.3+924f046a77
	- fabric-blockrenderlayer-v1 1.1.42+1802ada577
	- fabric-client-tags-api-v1 1.1.3+1802ada577
	- fabric-command-api-v1 1.2.35+f71b366f77
	- fabric-command-api-v2 2.2.14+1802ada577
	- fabric-commands-v0 0.2.52+df3654b377
	- fabric-containers-v0 0.1.67+df3654b377
	- fabric-content-registries-v0 4.0.13+1802ada577
	- fabric-convention-tags-v1 1.5.6+1802ada577
	- fabric-crash-report-info-v1 0.2.20+1802ada577
	- fabric-data-attachment-api-v1 1.0.2+de0fd6d177
	- fabric-data-generation-api-v1 12.3.7+1802ada577
	- fabric-dimensions-v1 2.1.55+1802ada577
	- fabric-entity-events-v1 1.6.1+1c78457f77
	- fabric-events-interaction-v0 0.6.5+13a40c6677
	- fabric-events-lifecycle-v0 0.2.64+df3654b377
	- fabric-game-rule-api-v1 1.0.41+1802ada577
	- fabric-gametest-api-v1 1.2.15+1802ada577
	- fabric-item-api-v1 2.1.29+1802ada577
	- fabric-item-group-api-v1 4.0.14+1802ada577
	- fabric-key-binding-api-v1 1.0.38+1802ada577
	- fabric-keybindings-v0 0.2.36+df3654b377
	- fabric-lifecycle-events-v1 2.2.23+1802ada577
	- fabric-loot-api-v2 1.2.3+1802ada577
	- fabric-loot-tables-v1 1.1.47+9e7660c677
	- fabric-message-api-v1 5.1.10+1802ada577
	- fabric-mining-level-api-v1 2.1.52+1802ada577
	- fabric-model-loading-api-v1 1.0.4+1802ada577
	- fabric-models-v0 0.4.3+9386d8a777
	- fabric-networking-api-v1 1.3.14+a158aa0477
	- fabric-networking-v0 0.3.54+df3654b377
	- fabric-object-builder-api-v1 11.1.5+e35120df77
	- fabric-particles-v1 1.1.3+1802ada577
	- fabric-recipe-api-v1 1.0.24+1802ada577
	- fabric-registry-sync-v0 2.3.6+1802ada577
	- fabric-renderer-api-v1 3.2.2+1802ada577
	- fabric-renderer-indigo 1.5.3+85287f9f77
	- fabric-renderer-registries-v1 3.2.47+df3654b377
	- fabric-rendering-data-attachment-v1 0.3.39+92a0d36777
	- fabric-rendering-fluids-v1 3.0.29+1802ada577
	- fabric-rendering-v0 1.1.50+df3654b377
	- fabric-rendering-v1 3.0.9+1802ada577
	- fabric-resource-conditions-api-v1 2.3.9+1802ada577
	- fabric-resource-loader-v0 0.11.12+fb82e9d777
	- fabric-screen-api-v1 2.0.9+1802ada577
	- fabric-screen-handler-api-v1 1.3.33+1802ada577
	- fabric-sound-api-v1 1.0.14+1802ada577
	- fabric-transfer-api-v1 3.3.6+8dd72ea377
	- fabric-transitive-access-wideners-v1 4.3.2+1802ada577
	- fabricloader 0.16.10
	- geckolib 4.4.9
	- iris 1.7.6+mc1.20.1
	   |-- io_github_douira_glsl-transformer 2.0.1
	   |-- org_anarres_jcpp 1.4.14
	   \-- org_antlr_antlr4-runtime 4.13.1
	- java 17
	- minecraft 1.20.1
	- mixinextras 0.4.1
	- sodium 0.5.13+mc1.20.1
[14:49:05] [main/INFO] (FabricLoader/Mixin) SpongePowered MIXIN Subsystem Version=0.8.7 Source=file:/C:/Users/happy/.gradle/caches/modules-2/files-2.1/net.fabricmc/sponge-mixin/0.15.4+mixin.0.8.7/6a12aacc794f1078458433116e9ed42c1cc98096/sponge-mixin-0.15.4+mixin.0.8.7.jar Service=Knot/Fabric Env=CLIENT
[14:49:05] [main/INFO] (FabricLoader/Mixin) Loaded Fabric development mappings for mixin remapper!
[14:49:06] [main/INFO] (FabricLoader/Mixin) Compatibility level set to JAVA_17
[14:49:06] [main/INFO] (Sodium) Loaded configuration file for Sodium: 42 options available, 3 override(s) found
[14:49:06] [main/WARN] (Sodium) Force-disabling mixin 'features.render.entity.CuboidMixin' as rule 'mixin.features.render.entity' (added by mods [iris]) disables it and children
[14:49:06] [main/WARN] (Sodium) Force-disabling mixin 'features.render.entity.ModelPartMixin' as rule 'mixin.features.render.entity' (added by mods [iris]) disables it and children
[14:49:06] [main/WARN] (Sodium) Force-disabling mixin 'features.render.entity.cull.EntityRendererMixin' as rule 'mixin.features.render.entity' (added by mods [iris]) disables it and children
[14:49:06] [main/WARN] (Sodium) Force-disabling mixin 'features.render.entity.shadows.EntityRenderDispatcherMixin' as rule 'mixin.features.render.entity' (added by mods [iris]) disables it and children
[14:49:06] [main/WARN] (Sodium) Force-disabling mixin 'features.render.gui.font.GlyphRendererMixin' as rule 'mixin.features.render.gui.font' (added by mods [iris]) disables it and children
[14:49:06] [main/WARN] (Sodium) Force-disabling mixin 'features.render.world.sky.BackgroundRendererMixin' as rule 'mixin.features.render.world.sky' (added by mods [iris]) disables it and children
[14:49:06] [main/WARN] (Sodium) Force-disabling mixin 'features.render.world.sky.ClientWorldMixin' as rule 'mixin.features.render.world.sky' (added by mods [iris]) disables it and children
[14:49:06] [main/WARN] (Sodium) Force-disabling mixin 'features.render.world.sky.WorldRendererMixin' as rule 'mixin.features.render.world.sky' (added by mods [iris]) disables it and children
[14:49:06] [main/INFO] (Sodium-GraphicsAdapterProbe) Searching for graphics cards...
[14:49:07] [main/INFO] (Sodium-GraphicsAdapterProbe) Found graphics adapter: AdapterInfo{vendor=NVIDIA, description='NVIDIA GeForce RTX 5060 Ti', adapterType=0x0000031B, openglIcdFilePath='C:\WINDOWS\System32\DriverStore\FileRepository\nv_dispi.inf_amd64_adc55ecfca814224\nvoglv64.dll', openglIcdVersion=32.0.15.9186}
[14:49:07] [main/WARN] (Sodium-Workarounds) Sodium has applied one or more workarounds to prevent crashes or other issues on your system: [NVIDIA_THREADED_OPTIMIZATIONS_BROKEN]
[14:49:07] [main/WARN] (Sodium-Workarounds) This is not necessarily an issue, but it may result in certain features or optimizations being disabled. You can sometimes fix these issues by upgrading your graphics driver.
[14:49:07] [main/INFO] (FabricLoader/MixinExtras|Service) Initializing MixinExtras via com.llamalad7.mixinextras.service.MixinExtrasServiceImpl(version=0.4.1).
[14:49:12] [Datafixer Bootstrap/INFO] (Minecraft) 188 Datafixer optimizations took 128 milliseconds
[14:49:13] [Render thread/INFO] (Minecraft) Environment: authHost='https://authserver.mojang.com', accountsHost='https://api.mojang.com', sessionHost='https://sessionserver.mojang.com', servicesHost='https://api.minecraftservices.com', name='PROD'
[14:49:14] [Render thread/ERROR] (Minecraft) Failed to verify authentication
com.mojang.authlib.exceptions.InvalidCredentialsException: Status: 401
	at com.mojang.authlib.exceptions.MinecraftClientHttpException.toAuthenticationException(MinecraftClientHttpException.java:56) ~[authlib-4.0.43.jar:?]
	at com.mojang.authlib.yggdrasil.YggdrasilUserApiService.fetchProperties(YggdrasilUserApiService.java:156) ~[authlib-4.0.43.jar:?]
	at com.mojang.authlib.yggdrasil.YggdrasilUserApiService.<init>(YggdrasilUserApiService.java:55) ~[authlib-4.0.43.jar:?]
	at com.mojang.authlib.yggdrasil.YggdrasilAuthenticationService.createUserApiService(YggdrasilAuthenticationService.java:124) ~[authlib-4.0.43.jar:?]
	at net.minecraft.client.MinecraftClient.createUserApiService(MinecraftClient.java:733) ~[minecraft-merged-59d2b11f07-1.20.1-net.fabricmc.yarn.1_20_1.1.20.1+build.10-v2.jar:?]
	at net.minecraft.client.MinecraftClient.<init>(MinecraftClient.java:442) ~[minecraft-merged-59d2b11f07-1.20.1-net.fabricmc.yarn.1_20_1.1.20.1+build.10-v2.jar:?]
	at net.minecraft.client.main.Main.main(Main.java:211) ~[minecraft-merged-59d2b11f07-1.20.1-net.fabricmc.yarn.1_20_1.1.20.1+build.10-v2.jar:?]
	at net.fabricmc.loader.impl.game.minecraft.MinecraftGameProvider.launch(MinecraftGameProvider.java:480) ~[fabric-loader-0.16.10.jar:?]
	at net.fabricmc.loader.impl.launch.knot.Knot.launch(Knot.java:74) ~[fabric-loader-0.16.10.jar:?]
	at net.fabricmc.loader.impl.launch.knot.KnotClient.main(KnotClient.java:23) ~[fabric-loader-0.16.10.jar:?]
	at net.fabricmc.devlaunchinjector.Main.main(Main.java:86) ~[dev-launch-injector-0.2.1+build.8.jar:?]
Caused by: com.mojang.authlib.exceptions.MinecraftClientHttpException: Status: 401
	at com.mojang.authlib.minecraft.client.MinecraftClient.readInputStream(MinecraftClient.java:85) ~[authlib-4.0.43.jar:?]
	at com.mojang.authlib.minecraft.client.MinecraftClient.get(MinecraftClient.java:48) ~[authlib-4.0.43.jar:?]
	at com.mojang.authlib.yggdrasil.YggdrasilUserApiService.fetchProperties(YggdrasilUserApiService.java:129) ~[authlib-4.0.43.jar:?]
	... 9 more
[14:49:14] [Render thread/INFO] (Minecraft) Setting user: Player417
[14:49:14] [Render thread/INFO] (Butterfly API) Initializing Butterfly API
[14:49:14] [Render thread/INFO] (Butterfly API) Initialized bundled Butterfly API content
[14:49:14] [Render thread/INFO] (Celestara) [Celestara] Initializing night sky visual hooks...
[14:49:14] [Render thread/INFO] (Butterfly API) Initializing Butterfly API client
[14:49:14] [Render thread/INFO] (Indigo) [Indigo] Different rendering plugin detected; not applying Indigo.
[14:49:15] [Render thread/INFO] (Minecraft) Backend library: LWJGL version 3.3.1 SNAPSHOT
[14:49:15] [Render thread/INFO] (Sodium-NvidiaWorkarounds) Modifying process environment to apply workarounds for the NVIDIA graphics driver...
[14:49:15] [Render thread/INFO] (Minecraft) OpenGL Vendor: NVIDIA Corporation
[14:49:15] [Render thread/INFO] (Minecraft) OpenGL Renderer: NVIDIA GeForce RTX 5060 Ti/PCIe/SSE2
[14:49:15] [Render thread/INFO] (Minecraft) OpenGL Version: 3.2.0 NVIDIA 591.86
[14:49:15] [Render thread/INFO] (Sodium-NvidiaWorkarounds) Modifying OpenGL context to apply workarounds for the NVIDIA graphics driver...
[14:49:15] [Render thread/INFO] (Sodium-NvidiaWorkarounds) Enabling GL_DEBUG_OUTPUT_SYNCHRONOUS to force the NVIDIA driver to disable threadedcommand submission
[14:49:15] [Render thread/INFO] (Iris) Debug functionality is disabled.
[14:49:15] [Render thread/INFO] (Iris) ARB_direct_state_access detected, enabling DSA.
[14:49:15] [Render thread/INFO] (Iris) Shaders are disabled because no valid shaderpack is selected
[14:49:16] [Render thread/INFO] (Iris) Hardware information:
[14:49:16] [Render thread/INFO] (Iris) CPU: 24x AMD Ryzen 9 5900X 12-Core Processor 
[14:49:16] [Render thread/INFO] (Iris) GPU: NVIDIA GeForce RTX 5060 Ti/PCIe/SSE2 (Supports OpenGL 3.2.0 NVIDIA 591.86)
[14:49:16] [Render thread/INFO] (Iris) OS: Windows 11 (10.0)
[14:49:16] [Render thread/INFO] (Minecraft) Reloading ResourceManager: vanilla, fabric (fabric-item-group-api-v1, fabric-data-attachment-api-v1, fabric-renderer-registries-v1, fabric-rendering-fluids-v1, fabric-blockrenderlayer-v1, fabric-renderer-api-v1, fabric-block-view-api-v2, fabric-particles-v1, fabric-game-rule-api-v1, fabric-crash-report-info-v1, fabric-data-generation-api-v1, fabric-block-api-v1, fabric-recipe-api-v1, fabric-api-lookup-api-v1, fabric-registry-sync-v0, fabric-networking-v0, fabric-rendering-data-attachment-v1, iris, fabric-resource-loader-v0, fabric-lifecycle-events-v1, fabric-convention-tags-v1, fabric-message-api-v1, fabric-events-lifecycle-v0, fabric-resource-conditions-api-v1, fabric-mining-level-api-v1, fabric-command-api-v2, butterfly_api, fabric-containers-v0, fabric-api-base, fabric-loot-api-v2, fabric-rendering-v1, fabric-key-binding-api-v1, fabric-transitive-access-wideners-v1, fabric-object-builder-api-v1, fabric-model-loading-api-v1, fabric-dimensions-v1, sodium, fabric-loot-tables-v1, fabricloader, fabric-renderer-indigo, fabric-rendering-v0, fabric-command-api-v1, fabric-gametest-api-v1, fabric-item-api-v1, fabric-transfer-api-v1, fabric-networking-api-v1, fabric-api, fabric-sound-api-v1, fabric-client-tags-api-v1, fabric-commands-v0, fabric-models-v0, fabric-events-interaction-v0, geckolib, fabric-entity-events-v1, fabric-screen-api-v1, fabric-biome-api-v1, fabric-keybindings-v0, fabric-content-registries-v0, fabric-screen-handler-api-v1)
[14:49:16] [Worker-Main-8/INFO] (Minecraft) Found unifont_all_no_pua-15.0.06.hex, loading
[14:49:16] [Render thread/INFO] (Iris) Creating pipeline for dimension minecraft:overworld
[14:49:17] [Realms Notification Availability checker #1/INFO] (Minecraft) Could not authorize you against Realms server: java.lang.RuntimeException: Failed to parse into SignedJWT: FabricMC
[14:49:18] [Render thread/WARN] (Minecraft) Missing sound for event: minecraft:item.goat_horn.play
[14:49:18] [Render thread/WARN] (Minecraft) Missing sound for event: minecraft:entity.goat.screaming.horn_break
[14:49:18] [Render thread/INFO] (Minecraft) OpenAL initialized on device OpenAL Soft on Speakers (PRO X)
[14:49:18] [Render thread/INFO] (Minecraft) Sound engine started
[14:49:18] [Render thread/INFO] (Minecraft) Created: 1024x1024x4 minecraft:textures/atlas/blocks.png-atlas
[14:49:18] [Render thread/INFO] (Minecraft) Created: 256x256x4 minecraft:textures/atlas/signs.png-atlas
[14:49:18] [Render thread/INFO] (Minecraft) Created: 512x512x4 minecraft:textures/atlas/banner_patterns.png-atlas
[14:49:18] [Render thread/INFO] (Minecraft) Created: 512x512x4 minecraft:textures/atlas/shield_patterns.png-atlas
[14:49:18] [Render thread/INFO] (Minecraft) Created: 1024x1024x4 minecraft:textures/atlas/armor_trims.png-atlas
[14:49:18] [Render thread/INFO] (Minecraft) Created: 256x256x4 minecraft:textures/atlas/chest.png-atlas
[14:49:18] [Render thread/INFO] (Minecraft) Created: 128x64x4 minecraft:textures/atlas/decorated_pot.png-atlas
[14:49:18] [Render thread/INFO] (Minecraft) Created: 512x256x4 minecraft:textures/atlas/shulker_boxes.png-atlas
[14:49:18] [Render thread/INFO] (Minecraft) Created: 512x256x4 minecraft:textures/atlas/beds.png-atlas
[14:49:18] [Render thread/WARN] (Minecraft) Shader rendertype_entity_translucent_emissive could not find sampler named Sampler2 in the specified shader program.
[14:49:18] [Render thread/INFO] (Minecraft) Created: 256x256x0 minecraft:textures/atlas/particles.png-atlas
[14:49:18] [Render thread/INFO] (Minecraft) Created: 256x256x0 minecraft:textures/atlas/paintings.png-atlas
[14:49:18] [Render thread/INFO] (Minecraft) Created: 128x128x0 minecraft:textures/atlas/mob_effects.png-atlas
[14:49:23] [Render thread/INFO] (Minecraft) Loaded 7 recipes
[14:49:23] [Render thread/INFO] (Minecraft) Loaded 1277 advancements
[14:49:23] [Render thread/INFO] (BiomeModificationImpl) Applied 0 biome modifications to 0 of 64 new biomes in 1.767 ms
[14:49:23] [Server thread/INFO] (Minecraft) Starting integrated minecraft server version 1.20.1
[14:49:23] [Server thread/INFO] (Minecraft) Generating keypair
[14:49:24] [Server thread/INFO] (Minecraft) Preparing start region for dimension minecraft:overworld
[14:49:26] [Render thread/INFO] (Minecraft) Preparing spawn area: 0%
[14:49:26] [Render thread/INFO] (Minecraft) Preparing spawn area: 0%
[14:49:26] [Render thread/INFO] (Minecraft) Preparing spawn area: 0%
[14:49:26] [Render thread/INFO] (Minecraft) Preparing spawn area: 0%
[14:49:26] [Render thread/INFO] (Minecraft) Preparing spawn area: 0%
[14:49:26] [Render thread/INFO] (Minecraft) Preparing spawn area: 6%
[14:49:27] [Render thread/INFO] (Minecraft) Time elapsed: 2996 ms
[14:49:27] [Server thread/INFO] (Minecraft) Changing view distance to 12, from 10
[14:49:27] [Server thread/INFO] (Minecraft) Changing simulation distance to 12, from 0
[14:49:28] [Server thread/INFO] (Minecraft) Player417[local:E:20810b6a] logged in with entity id 206 at (119.79492704050317, 127.0, -50.67982512007656)
[14:49:28] [Server thread/INFO] (Minecraft) Player417 joined the game
[14:49:28] [Render thread/INFO] (Iris) Reloading pipeline on dimension change: minecraft:overworld => minecraft:overworld
[14:49:28] [Render thread/INFO] (Iris) Destroying pipeline minecraft:overworld
[14:49:28] [Render thread/INFO] (Iris) Creating pipeline for dimension minecraft:overworld
[14:49:29] [Render thread/INFO] (ChunkBuilder) Started 10 worker threads
[14:49:29] [Render thread/INFO] (Minecraft) Loaded 6 advancements
[14:49:30] [Server thread/INFO] (Minecraft) Saving and pausing game...
[14:49:30] [Server thread/INFO] (Minecraft) Saving chunks for level 'ServerLevel[New World]'/minecraft:overworld
[14:49:31] [Server thread/INFO] (Minecraft) Saving chunks for level 'ServerLevel[New World]'/minecraft:the_nether
[14:49:31] [Server thread/INFO] (Minecraft) Saving chunks for level 'ServerLevel[New World]'/minecraft:the_end
[14:49:46] [Server thread/INFO] (Minecraft) [Player417: Set time to midnight and queued a guaranteed early Celestara comet. Meteor shower nights still suppress comets.]
[14:49:46] [Render thread/INFO] (Minecraft) [System] [CHAT] Set time to midnight and queued a guaranteed early Celestara comet. Meteor shower nights still suppress comets.
[14:50:39] [Server thread/INFO] (Minecraft) [Player417: Set time to midnight and forced a Celestara meteor shower. Comets are disabled for this night.]
[14:50:39] [Render thread/INFO] (Minecraft) [System] [CHAT] Set time to midnight and forced a Celestara meteor shower. Comets are disabled for this night.
[14:51:20] [Server thread/INFO] (Minecraft) Saving and pausing game...
[14:51:20] [Server thread/INFO] (Minecraft) Saving chunks for level 'ServerLevel[New World]'/minecraft:overworld
[14:51:20] [Server thread/INFO] (Minecraft) Saving chunks for level 'ServerLevel[New World]'/minecraft:the_nether
[14:51:20] [Server thread/INFO] (Minecraft) Saving chunks for level 'ServerLevel[New World]'/minecraft:the_end
[14:51:51] [Server thread/INFO] (Minecraft) Saving and pausing game...
[14:51:51] [Server thread/INFO] (Minecraft) Saving chunks for level 'ServerLevel[New World]'/minecraft:overworld
[14:51:51] [Server thread/INFO] (Minecraft) Saving chunks for level 'ServerLevel[New World]'/minecraft:the_nether
[14:51:51] [Server thread/INFO] (Minecraft) Saving chunks for level 'ServerLevel[New World]'/minecraft:the_end
[14:51:53] [Server thread/INFO] (Minecraft) Saving and pausing game...
[14:51:53] [Server thread/INFO] (Minecraft) Saving chunks for level 'ServerLevel[New World]'/minecraft:overworld
[14:51:53] [Server thread/INFO] (Minecraft) Saving chunks for level 'ServerLevel[New World]'/minecraft:the_nether
[14:51:53] [Server thread/INFO] (Minecraft) Saving chunks for level 'ServerLevel[New World]'/minecraft:the_end
[14:51:55] [Render thread/INFO] (Minecraft) [System] [CHAT] [Debug]: Pause on lost focus: disabled
[14:51:57] [Server thread/INFO] (Minecraft) Saving and pausing game...
[14:51:57] [Server thread/INFO] (Minecraft) Saving chunks for level 'ServerLevel[New World]'/minecraft:overworld
[14:51:57] [Server thread/INFO] (Minecraft) Saving chunks for level 'ServerLevel[New World]'/minecraft:the_nether
[14:51:57] [Server thread/INFO] (Minecraft) Saving chunks for level 'ServerLevel[New World]'/minecraft:the_end
[14:52:09] [Server thread/INFO] (Minecraft) Saving and pausing game...
[14:52:09] [Server thread/INFO] (Minecraft) Saving chunks for level 'ServerLevel[New World]'/minecraft:overworld
[14:52:09] [Server thread/INFO] (Minecraft) Saving chunks for level 'ServerLevel[New World]'/minecraft:the_nether
[14:52:09] [Server thread/INFO] (Minecraft) Saving chunks for level 'ServerLevel[New World]'/minecraft:the_end
[14:52:10] [Server thread/INFO] (Minecraft) Saving and pausing game...
[14:52:10] [Server thread/INFO] (Minecraft) Saving chunks for level 'ServerLevel[New World]'/minecraft:overworld
[14:52:10] [Server thread/INFO] (Minecraft) Saving chunks for level 'ServerLevel[New World]'/minecraft:the_nether
[14:52:10] [Server thread/INFO] (Minecraft) Saving chunks for level 'ServerLevel[New World]'/minecraft:the_end
[14:52:12] [Render thread/INFO] (Iris) Destroying pipeline minecraft:overworld
[14:52:12] [Render thread/INFO] (Iris) Profile: HIGH (+0 options changed by user)
[14:52:13] [Render thread/INFO] (Iris) Using shaderpack: ComplementaryUnbound_r5.8.zip
[14:52:13] [Render thread/INFO] (Iris) Creating pipeline for dimension minecraft:overworld
[14:52:13] [Render thread/WARN] (Iris) Failed to resolve uniform inPaleGarden, reason: Unknown variable: BIOME_PALE_GARDEN ( = FunctionCall{smooth {[Number{54}, FunctionCall{if {[FunctionCall{in {[Id{biome}, Id{BIOME_PALE_GARDEN}]} }, Number{1}, Number{0}]} }, Number{15}, Number{15}]} })
java.lang.RuntimeException: Unknown variable: BIOME_PALE_GARDEN
	at kroppeb.stareval.resolver.ExpressionResolver.resolveExpressionInternal(ExpressionResolver.java:220) ~[iris-1.7.6+mc1.20.1-64b5720b4b825f21.jar:?]
	at kroppeb.stareval.resolver.ExpressionResolver.resolveCallExpressionInternal(ExpressionResolver.java:81) ~[iris-1.7.6+mc1.20.1-64b5720b4b825f21.jar:?]
	at kroppeb.stareval.resolver.ExpressionResolver.resolveCallExpression(ExpressionResolver.java:140) ~[iris-1.7.6+mc1.20.1-64b5720b4b825f21.jar:?]
	at kroppeb.stareval.resolver.ExpressionResolver.resolveExpressionInternal(ExpressionResolver.java:194) ~[iris-1.7.6+mc1.20.1-64b5720b4b825f21.jar:?]
	at kroppeb.stareval.resolver.ExpressionResolver.resolveCallExpressionInternal(ExpressionResolver.java:81) ~[iris-1.7.6+mc1.20.1-64b5720b4b825f21.jar:?]
	at kroppeb.stareval.resolver.ExpressionResolver.resolveCallExpression(ExpressionResolver.java:140) ~[iris-1.7.6+mc1.20.1-64b5720b4b825f21.jar:?]
	at kroppeb.stareval.resolver.ExpressionResolver.resolveCallExpression(ExpressionResolver.java:127) ~[iris-1.7.6+mc1.20.1-64b5720b4b825f21.jar:?]
	at kroppeb.stareval.resolver.ExpressionResolver.resolveExpressionInternal(ExpressionResolver.java:194) ~[iris-1.7.6+mc1.20.1-64b5720b4b825f21.jar:?]
	at kroppeb.stareval.resolver.ExpressionResolver.resolveCallExpressionInternal(ExpressionResolver.java:81) ~[iris-1.7.6+mc1.20.1-64b5720b4b825f21.jar:?]
	at kroppeb.stareval.resolver.ExpressionResolver.resolveCallExpression(ExpressionResolver.java:140) ~[iris-1.7.6+mc1.20.1-64b5720b4b825f21.jar:?]
	at kroppeb.stareval.resolver.ExpressionResolver.resolveExpressionInternal(ExpressionResolver.java:194) ~[iris-1.7.6+mc1.20.1-64b5720b4b825f21.jar:?]
	at kroppeb.stareval.resolver.ExpressionResolver.resolveExpression(ExpressionResolver.java:50) ~[iris-1.7.6+mc1.20.1-64b5720b4b825f21.jar:?]
	at net.irisshaders.iris.uniforms.custom.CustomUniforms.<init>(CustomUniforms.java:62) ~[iris-1.7.6+mc1.20.1-64b5720b4b825f21.jar:?]
	at net.irisshaders.iris.uniforms.custom.CustomUniforms$Builder.build(CustomUniforms.java:333) ~[iris-1.7.6+mc1.20.1-64b5720b4b825f21.jar:?]
	at net.irisshaders.iris.uniforms.custom.CustomUniforms$Builder.build(CustomUniforms.java:344) ~[iris-1.7.6+mc1.20.1-64b5720b4b825f21.jar:?]
	at net.irisshaders.iris.pipeline.IrisRenderingPipeline.<init>(IrisRenderingPipeline.java:267) ~[iris-1.7.6+mc1.20.1-64b5720b4b825f21.jar:?]
	at net.irisshaders.iris.Iris.createPipeline(Iris.java:594) ~[iris-1.7.6+mc1.20.1-64b5720b4b825f21.jar:?]
	at net.irisshaders.iris.pipeline.PipelineManager.preparePipeline(PipelineManager.java:33) ~[iris-1.7.6+mc1.20.1-64b5720b4b825f21.jar:?]
	at net.irisshaders.iris.Iris.reload(Iris.java:545) ~[iris-1.7.6+mc1.20.1-64b5720b4b825f21.jar:?]
	at net.irisshaders.iris.apiimpl.IrisApiV0ConfigImpl.setShadersEnabledAndApply(IrisApiV0ConfigImpl.java:28) ~[iris-1.7.6+mc1.20.1-64b5720b4b825f21.jar:?]
	at net.irisshaders.iris.gui.screen.ShaderPackScreen.applyChanges(ShaderPackScreen.java:574) ~[iris-1.7.6+mc1.20.1-64b5720b4b825f21.jar:?]
	at net.irisshaders.iris.gui.screen.ShaderPackScreen.lambda$init$3(ShaderPackScreen.java:233) ~[iris-1.7.6+mc1.20.1-64b5720b4b825f21.jar:?]
	at net.minecraft.client.gui.widget.ButtonWidget.onPress(ButtonWidget.java:94) ~[minecraft-merged-59d2b11f07-1.20.1-net.fabricmc.yarn.1_20_1.1.20.1+build.10-v2.jar:?]
	at net.minecraft.client.gui.widget.PressableWidget.onClick(PressableWidget.java:56) ~[minecraft-merged-59d2b11f07-1.20.1-net.fabricmc.yarn.1_20_1.1.20.1+build.10-v2.jar:?]
	at net.minecraft.client.gui.widget.ClickableWidget.mouseClicked(ClickableWidget.java:189) ~[minecraft-merged-59d2b11f07-1.20.1-net.fabricmc.yarn.1_20_1.1.20.1+build.10-v2.jar:?]
	at net.minecraft.client.gui.ParentElement.mouseClicked(ParentElement.java:38) ~[minecraft-merged-59d2b11f07-1.20.1-net.fabricmc.yarn.1_20_1.1.20.1+build.10-v2.jar:?]
	at net.irisshaders.iris.gui.screen.ShaderPackScreen.mouseClicked(ShaderPackScreen.java:187) ~[iris-1.7.6+mc1.20.1-64b5720b4b825f21.jar:?]
	at net.minecraft.client.Mouse.method_1611(Mouse.java:98) ~[minecraft-merged-59d2b11f07-1.20.1-net.fabricmc.yarn.1_20_1.1.20.1+build.10-v2.jar:?]
	at net.minecraft.client.gui.screen.Screen.wrapScreenError(Screen.java:409) ~[minecraft-merged-59d2b11f07-1.20.1-net.fabricmc.yarn.1_20_1.1.20.1+build.10-v2.jar:?]
	at net.minecraft.client.Mouse.onMouseButton(Mouse.java:98) ~[minecraft-merged-59d2b11f07-1.20.1-net.fabricmc.yarn.1_20_1.1.20.1+build.10-v2.jar:?]
	at net.minecraft.client.Mouse.method_22686(Mouse.java:169) ~[minecraft-merged-59d2b11f07-1.20.1-net.fabricmc.yarn.1_20_1.1.20.1+build.10-v2.jar:?]
	at net.minecraft.util.thread.ThreadExecutor.execute(ThreadExecutor.java:102) ~[minecraft-merged-59d2b11f07-1.20.1-net.fabricmc.yarn.1_20_1.1.20.1+build.10-v2.jar:?]
	at net.minecraft.client.Mouse.method_22684(Mouse.java:169) ~[minecraft-merged-59d2b11f07-1.20.1-net.fabricmc.yarn.1_20_1.1.20.1+build.10-v2.jar:?]
	at org.lwjgl.glfw.GLFWMouseButtonCallbackI.callback(GLFWMouseButtonCallbackI.java:43) ~[lwjgl-glfw-3.3.1.jar:build 7]
	at org.lwjgl.system.JNI.invokeV(Native Method) ~[lwjgl-3.3.1.jar:build 7]
	at org.lwjgl.glfw.GLFW.glfwPollEvents(GLFW.java:3403) ~[lwjgl-glfw-3.3.1.jar:build 7]
	at com.mojang.blaze3d.systems.RenderSystem.pollEvents(RenderSystem.java:201) ~[minecraft-merged-59d2b11f07-1.20.1-net.fabricmc.yarn.1_20_1.1.20.1+build.10-v2.jar:?]
	at com.mojang.blaze3d.systems.RenderSystem.flipFrame(RenderSystem.java:219) ~[minecraft-merged-59d2b11f07-1.20.1-net.fabricmc.yarn.1_20_1.1.20.1+build.10-v2.jar:?]
	at net.minecraft.client.util.Window.swapBuffers(Window.java:288) ~[minecraft-merged-59d2b11f07-1.20.1-net.fabricmc.yarn.1_20_1.1.20.1+build.10-v2.jar:?]
	at net.minecraft.client.MinecraftClient.render(MinecraftClient.java:1241) ~[minecraft-merged-59d2b11f07-1.20.1-net.fabricmc.yarn.1_20_1.1.20.1+build.10-v2.jar:?]
	at net.minecraft.client.MinecraftClient.run(MinecraftClient.java:802) ~[minecraft-merged-59d2b11f07-1.20.1-net.fabricmc.yarn.1_20_1.1.20.1+build.10-v2.jar:?]
	at net.minecraft.client.main.Main.main(Main.java:250) ~[minecraft-merged-59d2b11f07-1.20.1-net.fabricmc.yarn.1_20_1.1.20.1+build.10-v2.jar:?]
	at net.fabricmc.loader.impl.game.minecraft.MinecraftGameProvider.launch(MinecraftGameProvider.java:480) ~[fabric-loader-0.16.10.jar:?]
	at net.fabricmc.loader.impl.launch.knot.Knot.launch(Knot.java:74) ~[fabric-loader-0.16.10.jar:?]
	at net.fabricmc.loader.impl.launch.knot.KnotClient.main(KnotClient.java:23) ~[fabric-loader-0.16.10.jar:?]
	at net.fabricmc.devlaunchinjector.Main.main(Main.java:86) ~[dev-launch-injector-0.2.1+build.8.jar:?]
[14:52:13] [Render thread/WARN] (Iris) Failed to resolve uniform endFlashFactor0, reason: Unknown variable: endFlashIntensity ( = BinaryExpr{ {FunctionCall{min {[Id{endFlashIntensity}, Number{0.5}]} }} multiply{0} {Number{2.0}} })
java.lang.RuntimeException: Unknown variable: endFlashIntensity
	at kroppeb.stareval.resolver.ExpressionResolver.resolveExpressionInternal(ExpressionResolver.java:220) ~[iris-1.7.6+mc1.20.1-64b5720b4b825f21.jar:?]
	at kroppeb.stareval.resolver.ExpressionResolver.resolveCallExpressionInternal(ExpressionResolver.java:81) ~[iris-1.7.6+mc1.20.1-64b5720b4b825f21.jar:?]
	at kroppeb.stareval.resolver.ExpressionResolver.resolveCallExpression(ExpressionResolver.java:111) ~[iris-1.7.6+mc1.20.1-64b5720b4b825f21.jar:?]
	at kroppeb.stareval.resolver.ExpressionResolver.resolveExpressionInternal(ExpressionResolver.java:194) ~[iris-1.7.6+mc1.20.1-64b5720b4b825f21.jar:?]
	at kroppeb.stareval.resolver.ExpressionResolver.resolveCallExpressionInternal(ExpressionResolver.java:81) ~[iris-1.7.6+mc1.20.1-64b5720b4b825f21.jar:?]
	at kroppeb.stareval.resolver.ExpressionResolver.resolveCallExpression(ExpressionResolver.java:111) ~[iris-1.7.6+mc1.20.1-64b5720b4b825f21.jar:?]
	at kroppeb.stareval.resolver.ExpressionResolver.resolveExpressionInternal(ExpressionResolver.java:191) ~[iris-1.7.6+mc1.20.1-64b5720b4b825f21.jar:?]
	at kroppeb.stareval.resolver.ExpressionResolver.resolveExpression(ExpressionResolver.java:50) ~[iris-1.7.6+mc1.20.1-64b5720b4b825f21.jar:?]
	at net.irisshaders.iris.uniforms.custom.CustomUniforms.<init>(CustomUniforms.java:62) ~[iris-1.7.6+mc1.20.1-64b5720b4b825f21.jar:?]
	at net.irisshaders.iris.uniforms.custom.CustomUniforms$Builder.build(CustomUniforms.java:333) ~[iris-1.7.6+mc1.20.1-64b5720b4b825f21.jar:?]
	at net.irisshaders.iris.uniforms.custom.CustomUniforms$Builder.build(CustomUniforms.java:344) ~[iris-1.7.6+mc1.20.1-64b5720b4b825f21.jar:?]
	at net.irisshaders.iris.pipeline.IrisRenderingPipeline.<init>(IrisRenderingPipeline.java:267) ~[iris-1.7.6+mc1.20.1-64b5720b4b825f21.jar:?]
	at net.irisshaders.iris.Iris.createPipeline(Iris.java:594) ~[iris-1.7.6+mc1.20.1-64b5720b4b825f21.jar:?]
	at net.irisshaders.iris.pipeline.PipelineManager.preparePipeline(PipelineManager.java:33) ~[iris-1.7.6+mc1.20.1-64b5720b4b825f21.jar:?]
	at net.irisshaders.iris.Iris.reload(Iris.java:545) ~[iris-1.7.6+mc1.20.1-64b5720b4b825f21.jar:?]
	at net.irisshaders.iris.apiimpl.IrisApiV0ConfigImpl.setShadersEnabledAndApply(IrisApiV0ConfigImpl.java:28) ~[iris-1.7.6+mc1.20.1-64b5720b4b825f21.jar:?]
	at net.irisshaders.iris.gui.screen.ShaderPackScreen.applyChanges(ShaderPackScreen.java:574) ~[iris-1.7.6+mc1.20.1-64b5720b4b825f21.jar:?]
	at net.irisshaders.iris.gui.screen.ShaderPackScreen.lambda$init$3(ShaderPackScreen.java:233) ~[iris-1.7.6+mc1.20.1-64b5720b4b825f21.jar:?]
	at net.minecraft.client.gui.widget.ButtonWidget.onPress(ButtonWidget.java:94) ~[minecraft-merged-59d2b11f07-1.20.1-net.fabricmc.yarn.1_20_1.1.20.1+build.10-v2.jar:?]
	at net.minecraft.client.gui.widget.PressableWidget.onClick(PressableWidget.java:56) ~[minecraft-merged-59d2b11f07-1.20.1-net.fabricmc.yarn.1_20_1.1.20.1+build.10-v2.jar:?]
	at net.minecraft.client.gui.widget.ClickableWidget.mouseClicked(ClickableWidget.java:189) ~[minecraft-merged-59d2b11f07-1.20.1-net.fabricmc.yarn.1_20_1.1.20.1+build.10-v2.jar:?]
	at net.minecraft.client.gui.ParentElement.mouseClicked(ParentElement.java:38) ~[minecraft-merged-59d2b11f07-1.20.1-net.fabricmc.yarn.1_20_1.1.20.1+build.10-v2.jar:?]
	at net.irisshaders.iris.gui.screen.ShaderPackScreen.mouseClicked(ShaderPackScreen.java:187) ~[iris-1.7.6+mc1.20.1-64b5720b4b825f21.jar:?]
	at net.minecraft.client.Mouse.method_1611(Mouse.java:98) ~[minecraft-merged-59d2b11f07-1.20.1-net.fabricmc.yarn.1_20_1.1.20.1+build.10-v2.jar:?]
	at net.minecraft.client.gui.screen.Screen.wrapScreenError(Screen.java:409) ~[minecraft-merged-59d2b11f07-1.20.1-net.fabricmc.yarn.1_20_1.1.20.1+build.10-v2.jar:?]
	at net.minecraft.client.Mouse.onMouseButton(Mouse.java:98) ~[minecraft-merged-59d2b11f07-1.20.1-net.fabricmc.yarn.1_20_1.1.20.1+build.10-v2.jar:?]
	at net.minecraft.client.Mouse.method_22686(Mouse.java:169) ~[minecraft-merged-59d2b11f07-1.20.1-net.fabricmc.yarn.1_20_1.1.20.1+build.10-v2.jar:?]
	at net.minecraft.util.thread.ThreadExecutor.execute(ThreadExecutor.java:102) ~[minecraft-merged-59d2b11f07-1.20.1-net.fabricmc.yarn.1_20_1.1.20.1+build.10-v2.jar:?]
	at net.minecraft.client.Mouse.method_22684(Mouse.java:169) ~[minecraft-merged-59d2b11f07-1.20.1-net.fabricmc.yarn.1_20_1.1.20.1+build.10-v2.jar:?]
	at org.lwjgl.glfw.GLFWMouseButtonCallbackI.callback(GLFWMouseButtonCallbackI.java:43) ~[lwjgl-glfw-3.3.1.jar:build 7]
	at org.lwjgl.system.JNI.invokeV(Native Method) ~[lwjgl-3.3.1.jar:build 7]
	at org.lwjgl.glfw.GLFW.glfwPollEvents(GLFW.java:3403) ~[lwjgl-glfw-3.3.1.jar:build 7]
	at com.mojang.blaze3d.systems.RenderSystem.pollEvents(RenderSystem.java:201) ~[minecraft-merged-59d2b11f07-1.20.1-net.fabricmc.yarn.1_20_1.1.20.1+build.10-v2.jar:?]
	at com.mojang.blaze3d.systems.RenderSystem.flipFrame(RenderSystem.java:219) ~[minecraft-merged-59d2b11f07-1.20.1-net.fabricmc.yarn.1_20_1.1.20.1+build.10-v2.jar:?]
	at net.minecraft.client.util.Window.swapBuffers(Window.java:288) ~[minecraft-merged-59d2b11f07-1.20.1-net.fabricmc.yarn.1_20_1.1.20.1+build.10-v2.jar:?]
	at net.minecraft.client.MinecraftClient.render(MinecraftClient.java:1241) ~[minecraft-merged-59d2b11f07-1.20.1-net.fabricmc.yarn.1_20_1.1.20.1+build.10-v2.jar:?]
	at net.minecraft.client.MinecraftClient.run(MinecraftClient.java:802) ~[minecraft-merged-59d2b11f07-1.20.1-net.fabricmc.yarn.1_20_1.1.20.1+build.10-v2.jar:?]
	at net.minecraft.client.main.Main.main(Main.java:250) ~[minecraft-merged-59d2b11f07-1.20.1-net.fabricmc.yarn.1_20_1.1.20.1+build.10-v2.jar:?]
	at net.fabricmc.loader.impl.game.minecraft.MinecraftGameProvider.launch(MinecraftGameProvider.java:480) ~[fabric-loader-0.16.10.jar:?]
	at net.fabricmc.loader.impl.launch.knot.Knot.launch(Knot.java:74) ~[fabric-loader-0.16.10.jar:?]
	at net.fabricmc.loader.impl.launch.knot.KnotClient.main(KnotClient.java:23) ~[fabric-loader-0.16.10.jar:?]
	at net.fabricmc.devlaunchinjector.Main.main(Main.java:86) ~[dev-launch-injector-0.2.1+build.8.jar:?]
[14:52:13] [Render thread/WARN] (Iris) The following uniforms won't work, either because they are broken, or reference a broken uniform: 
endFlashFactor1, endFlashIntensityM
[14:52:25] [Render thread/INFO] (ChunkBuilder) Stopping worker threads
[14:52:25] [Render thread/INFO] (ChunkBuilder) Started 10 worker threads
[14:52:25] [Render thread/WARN] (Iris) Error while parsing the block ID map entry for "block.10104":
[14:52:25] [Render thread/WARN] (Iris) - The block minecraft:stone_slab has no property with the name variant, ignoring!
[14:52:25] [Render thread/INFO] (ChunkBuilder) Stopping worker threads
[14:52:25] [Render thread/INFO] (ChunkBuilder) Started 10 worker threads
[14:52:32] [Server thread/INFO] (Minecraft) Saving and pausing game...
[14:52:32] [Server thread/INFO] (Minecraft) Saving chunks for level 'ServerLevel[New World]'/minecraft:overworld
[14:52:32] [Server thread/INFO] (Minecraft) Saving chunks for level 'ServerLevel[New World]'/minecraft:the_nether
[14:52:32] [Server thread/INFO] (Minecraft) Saving chunks for level 'ServerLevel[New World]'/minecraft:the_end
[14:52:33] [Server thread/INFO] (Minecraft) Saving and pausing game...
[14:52:33] [Server thread/INFO] (Minecraft) Saving chunks for level 'ServerLevel[New World]'/minecraft:overworld
[14:52:33] [Server thread/INFO] (Minecraft) Saving chunks for level 'ServerLevel[New World]'/minecraft:the_nether
[14:52:33] [Server thread/INFO] (Minecraft) Saving chunks for level 'ServerLevel[New World]'/minecraft:the_end
[14:52:42] [Render thread/INFO] (Iris) Destroying pipeline minecraft:overworld
[14:52:42] [Render thread/INFO] (Iris) Profile: Custom (+1 option changed by user)
[14:52:42] [Render thread/INFO] (Iris) Using shaderpack: ComplementaryUnbound_r5.8.zip
[14:52:42] [Render thread/INFO] (Iris) Creating pipeline for dimension minecraft:overworld
[14:52:42] [Render thread/WARN] (Iris) Failed to resolve uniform inPaleGarden, reason: Unknown variable: BIOME_PALE_GARDEN ( = FunctionCall{smooth {[Number{54}, FunctionCall{if {[FunctionCall{in {[Id{biome}, Id{BIOME_PALE_GARDEN}]} }, Number{1}, Number{0}]} }, Number{15}, Number{15}]} })
java.lang.RuntimeException: Unknown variable: BIOME_PALE_GARDEN
	at kroppeb.stareval.resolver.ExpressionResolver.resolveExpressionInternal(ExpressionResolver.java:220) ~[iris-1.7.6+mc1.20.1-64b5720b4b825f21.jar:?]
	at kroppeb.stareval.resolver.ExpressionResolver.resolveCallExpressionInternal(ExpressionResolver.java:81) ~[iris-1.7.6+mc1.20.1-64b5720b4b825f21.jar:?]
	at kroppeb.stareval.resolver.ExpressionResolver.resolveCallExpression(ExpressionResolver.java:140) ~[iris-1.7.6+mc1.20.1-64b5720b4b825f21.jar:?]
	at kroppeb.stareval.resolver.ExpressionResolver.resolveExpressionInternal(ExpressionResolver.java:194) ~[iris-1.7.6+mc1.20.1-64b5720b4b825f21.jar:?]
	at kroppeb.stareval.resolver.ExpressionResolver.resolveCallExpressionInternal(ExpressionResolver.java:81) ~[iris-1.7.6+mc1.20.1-64b5720b4b825f21.jar:?]
	at kroppeb.stareval.resolver.ExpressionResolver.resolveCallExpression(ExpressionResolver.java:140) ~[iris-1.7.6+mc1.20.1-64b5720b4b825f21.jar:?]
	at kroppeb.stareval.resolver.ExpressionResolver.resolveCallExpression(ExpressionResolver.java:127) ~[iris-1.7.6+mc1.20.1-64b5720b4b825f21.jar:?]
	at kroppeb.stareval.resolver.ExpressionResolver.resolveExpressionInternal(ExpressionResolver.java:194) ~[iris-1.7.6+mc1.20.1-64b5720b4b825f21.jar:?]
	at kroppeb.stareval.resolver.ExpressionResolver.resolveCallExpressionInternal(ExpressionResolver.java:81) ~[iris-1.7.6+mc1.20.1-64b5720b4b825f21.jar:?]
	at kroppeb.stareval.resolver.ExpressionResolver.resolveCallExpression(ExpressionResolver.java:140) ~[iris-1.7.6+mc1.20.1-64b5720b4b825f21.jar:?]
	at kroppeb.stareval.resolver.ExpressionResolver.resolveExpressionInternal(ExpressionResolver.java:194) ~[iris-1.7.6+mc1.20.1-64b5720b4b825f21.jar:?]
	at kroppeb.stareval.resolver.ExpressionResolver.resolveExpression(ExpressionResolver.java:50) ~[iris-1.7.6+mc1.20.1-64b5720b4b825f21.jar:?]
	at net.irisshaders.iris.uniforms.custom.CustomUniforms.<init>(CustomUniforms.java:62) ~[iris-1.7.6+mc1.20.1-64b5720b4b825f21.jar:?]
	at net.irisshaders.iris.uniforms.custom.CustomUniforms$Builder.build(CustomUniforms.java:333) ~[iris-1.7.6+mc1.20.1-64b5720b4b825f21.jar:?]
	at net.irisshaders.iris.uniforms.custom.CustomUniforms$Builder.build(CustomUniforms.java:344) ~[iris-1.7.6+mc1.20.1-64b5720b4b825f21.jar:?]
	at net.irisshaders.iris.pipeline.IrisRenderingPipeline.<init>(IrisRenderingPipeline.java:267) ~[iris-1.7.6+mc1.20.1-64b5720b4b825f21.jar:?]
	at net.irisshaders.iris.Iris.createPipeline(Iris.java:594) ~[iris-1.7.6+mc1.20.1-64b5720b4b825f21.jar:?]
	at net.irisshaders.iris.pipeline.PipelineManager.preparePipeline(PipelineManager.java:33) ~[iris-1.7.6+mc1.20.1-64b5720b4b825f21.jar:?]
	at net.irisshaders.iris.Iris.reload(Iris.java:545) ~[iris-1.7.6+mc1.20.1-64b5720b4b825f21.jar:?]
	at net.irisshaders.iris.apiimpl.IrisApiV0ConfigImpl.setShadersEnabledAndApply(IrisApiV0ConfigImpl.java:28) ~[iris-1.7.6+mc1.20.1-64b5720b4b825f21.jar:?]
	at net.irisshaders.iris.gui.screen.ShaderPackScreen.applyChanges(ShaderPackScreen.java:574) ~[iris-1.7.6+mc1.20.1-64b5720b4b825f21.jar:?]
	at net.irisshaders.iris.gui.screen.ShaderPackScreen.lambda$init$3(ShaderPackScreen.java:233) ~[iris-1.7.6+mc1.20.1-64b5720b4b825f21.jar:?]
	at net.minecraft.client.gui.widget.ButtonWidget.onPress(ButtonWidget.java:94) ~[minecraft-merged-59d2b11f07-1.20.1-net.fabricmc.yarn.1_20_1.1.20.1+build.10-v2.jar:?]
	at net.minecraft.client.gui.widget.PressableWidget.onClick(PressableWidget.java:56) ~[minecraft-merged-59d2b11f07-1.20.1-net.fabricmc.yarn.1_20_1.1.20.1+build.10-v2.jar:?]
	at net.minecraft.client.gui.widget.ClickableWidget.mouseClicked(ClickableWidget.java:189) ~[minecraft-merged-59d2b11f07-1.20.1-net.fabricmc.yarn.1_20_1.1.20.1+build.10-v2.jar:?]
	at net.minecraft.client.gui.ParentElement.mouseClicked(ParentElement.java:38) ~[minecraft-merged-59d2b11f07-1.20.1-net.fabricmc.yarn.1_20_1.1.20.1+build.10-v2.jar:?]
	at net.irisshaders.iris.gui.screen.ShaderPackScreen.mouseClicked(ShaderPackScreen.java:187) ~[iris-1.7.6+mc1.20.1-64b5720b4b825f21.jar:?]
	at net.minecraft.client.Mouse.method_1611(Mouse.java:98) ~[minecraft-merged-59d2b11f07-1.20.1-net.fabricmc.yarn.1_20_1.1.20.1+build.10-v2.jar:?]
	at net.minecraft.client.gui.screen.Screen.wrapScreenError(Screen.java:409) ~[minecraft-merged-59d2b11f07-1.20.1-net.fabricmc.yarn.1_20_1.1.20.1+build.10-v2.jar:?]
	at net.minecraft.client.Mouse.onMouseButton(Mouse.java:98) ~[minecraft-merged-59d2b11f07-1.20.1-net.fabricmc.yarn.1_20_1.1.20.1+build.10-v2.jar:?]
	at net.minecraft.client.Mouse.method_22686(Mouse.java:169) ~[minecraft-merged-59d2b11f07-1.20.1-net.fabricmc.yarn.1_20_1.1.20.1+build.10-v2.jar:?]
	at net.minecraft.util.thread.ThreadExecutor.execute(ThreadExecutor.java:102) ~[minecraft-merged-59d2b11f07-1.20.1-net.fabricmc.yarn.1_20_1.1.20.1+build.10-v2.jar:?]
	at net.minecraft.client.Mouse.method_22684(Mouse.java:169) ~[minecraft-merged-59d2b11f07-1.20.1-net.fabricmc.yarn.1_20_1.1.20.1+build.10-v2.jar:?]
	at org.lwjgl.glfw.GLFWMouseButtonCallbackI.callback(GLFWMouseButtonCallbackI.java:43) ~[lwjgl-glfw-3.3.1.jar:build 7]
	at org.lwjgl.system.JNI.invokeV(Native Method) ~[lwjgl-3.3.1.jar:build 7]
	at org.lwjgl.glfw.GLFW.glfwPollEvents(GLFW.java:3403) ~[lwjgl-glfw-3.3.1.jar:build 7]
	at com.mojang.blaze3d.systems.RenderSystem.pollEvents(RenderSystem.java:201) ~[minecraft-merged-59d2b11f07-1.20.1-net.fabricmc.yarn.1_20_1.1.20.1+build.10-v2.jar:?]
	at com.mojang.blaze3d.systems.RenderSystem.flipFrame(RenderSystem.java:219) ~[minecraft-merged-59d2b11f07-1.20.1-net.fabricmc.yarn.1_20_1.1.20.1+build.10-v2.jar:?]
	at net.minecraft.client.util.Window.swapBuffers(Window.java:288) ~[minecraft-merged-59d2b11f07-1.20.1-net.fabricmc.yarn.1_20_1.1.20.1+build.10-v2.jar:?]
	at net.minecraft.client.MinecraftClient.render(MinecraftClient.java:1241) ~[minecraft-merged-59d2b11f07-1.20.1-net.fabricmc.yarn.1_20_1.1.20.1+build.10-v2.jar:?]
	at net.minecraft.client.MinecraftClient.run(MinecraftClient.java:802) ~[minecraft-merged-59d2b11f07-1.20.1-net.fabricmc.yarn.1_20_1.1.20.1+build.10-v2.jar:?]
	at net.minecraft.client.main.Main.main(Main.java:250) ~[minecraft-merged-59d2b11f07-1.20.1-net.fabricmc.yarn.1_20_1.1.20.1+build.10-v2.jar:?]
	at net.fabricmc.loader.impl.game.minecraft.MinecraftGameProvider.launch(MinecraftGameProvider.java:480) ~[fabric-loader-0.16.10.jar:?]
	at net.fabricmc.loader.impl.launch.knot.Knot.launch(Knot.java:74) ~[fabric-loader-0.16.10.jar:?]
	at net.fabricmc.loader.impl.launch.knot.KnotClient.main(KnotClient.java:23) ~[fabric-loader-0.16.10.jar:?]
	at net.fabricmc.devlaunchinjector.Main.main(Main.java:86) ~[dev-launch-injector-0.2.1+build.8.jar:?]
[14:52:42] [Render thread/WARN] (Iris) Failed to resolve uniform endFlashFactor0, reason: Unknown variable: endFlashIntensity ( = BinaryExpr{ {FunctionCall{min {[Id{endFlashIntensity}, Number{0.5}]} }} multiply{0} {Number{2.0}} })
java.lang.RuntimeException: Unknown variable: endFlashIntensity
	at kroppeb.stareval.resolver.ExpressionResolver.resolveExpressionInternal(ExpressionResolver.java:220) ~[iris-1.7.6+mc1.20.1-64b5720b4b825f21.jar:?]
	at kroppeb.stareval.resolver.ExpressionResolver.resolveCallExpressionInternal(ExpressionResolver.java:81) ~[iris-1.7.6+mc1.20.1-64b5720b4b825f21.jar:?]
	at kroppeb.stareval.resolver.ExpressionResolver.resolveCallExpression(ExpressionResolver.java:111) ~[iris-1.7.6+mc1.20.1-64b5720b4b825f21.jar:?]
	at kroppeb.stareval.resolver.ExpressionResolver.resolveExpressionInternal(ExpressionResolver.java:194) ~[iris-1.7.6+mc1.20.1-64b5720b4b825f21.jar:?]
	at kroppeb.stareval.resolver.ExpressionResolver.resolveCallExpressionInternal(ExpressionResolver.java:81) ~[iris-1.7.6+mc1.20.1-64b5720b4b825f21.jar:?]
	at kroppeb.stareval.resolver.ExpressionResolver.resolveCallExpression(ExpressionResolver.java:111) ~[iris-1.7.6+mc1.20.1-64b5720b4b825f21.jar:?]
	at kroppeb.stareval.resolver.ExpressionResolver.resolveExpressionInternal(ExpressionResolver.java:191) ~[iris-1.7.6+mc1.20.1-64b5720b4b825f21.jar:?]
	at kroppeb.stareval.resolver.ExpressionResolver.resolveExpression(ExpressionResolver.java:50) ~[iris-1.7.6+mc1.20.1-64b5720b4b825f21.jar:?]
	at net.irisshaders.iris.uniforms.custom.CustomUniforms.<init>(CustomUniforms.java:62) ~[iris-1.7.6+mc1.20.1-64b5720b4b825f21.jar:?]
	at net.irisshaders.iris.uniforms.custom.CustomUniforms$Builder.build(CustomUniforms.java:333) ~[iris-1.7.6+mc1.20.1-64b5720b4b825f21.jar:?]
	at net.irisshaders.iris.uniforms.custom.CustomUniforms$Builder.build(CustomUniforms.java:344) ~[iris-1.7.6+mc1.20.1-64b5720b4b825f21.jar:?]
	at net.irisshaders.iris.pipeline.IrisRenderingPipeline.<init>(IrisRenderingPipeline.java:267) ~[iris-1.7.6+mc1.20.1-64b5720b4b825f21.jar:?]
	at net.irisshaders.iris.Iris.createPipeline(Iris.java:594) ~[iris-1.7.6+mc1.20.1-64b5720b4b825f21.jar:?]
	at net.irisshaders.iris.pipeline.PipelineManager.preparePipeline(PipelineManager.java:33) ~[iris-1.7.6+mc1.20.1-64b5720b4b825f21.jar:?]
	at net.irisshaders.iris.Iris.reload(Iris.java:545) ~[iris-1.7.6+mc1.20.1-64b5720b4b825f21.jar:?]
	at net.irisshaders.iris.apiimpl.IrisApiV0ConfigImpl.setShadersEnabledAndApply(IrisApiV0ConfigImpl.java:28) ~[iris-1.7.6+mc1.20.1-64b5720b4b825f21.jar:?]
	at net.irisshaders.iris.gui.screen.ShaderPackScreen.applyChanges(ShaderPackScreen.java:574) ~[iris-1.7.6+mc1.20.1-64b5720b4b825f21.jar:?]
	at net.irisshaders.iris.gui.screen.ShaderPackScreen.lambda$init$3(ShaderPackScreen.java:233) ~[iris-1.7.6+mc1.20.1-64b5720b4b825f21.jar:?]
	at net.minecraft.client.gui.widget.ButtonWidget.onPress(ButtonWidget.java:94) ~[minecraft-merged-59d2b11f07-1.20.1-net.fabricmc.yarn.1_20_1.1.20.1+build.10-v2.jar:?]
	at net.minecraft.client.gui.widget.PressableWidget.onClick(PressableWidget.java:56) ~[minecraft-merged-59d2b11f07-1.20.1-net.fabricmc.yarn.1_20_1.1.20.1+build.10-v2.jar:?]
	at net.minecraft.client.gui.widget.ClickableWidget.mouseClicked(ClickableWidget.java:189) ~[minecraft-merged-59d2b11f07-1.20.1-net.fabricmc.yarn.1_20_1.1.20.1+build.10-v2.jar:?]
	at net.minecraft.client.gui.ParentElement.mouseClicked(ParentElement.java:38) ~[minecraft-merged-59d2b11f07-1.20.1-net.fabricmc.yarn.1_20_1.1.20.1+build.10-v2.jar:?]
	at net.irisshaders.iris.gui.screen.ShaderPackScreen.mouseClicked(ShaderPackScreen.java:187) ~[iris-1.7.6+mc1.20.1-64b5720b4b825f21.jar:?]
	at net.minecraft.client.Mouse.method_1611(Mouse.java:98) ~[minecraft-merged-59d2b11f07-1.20.1-net.fabricmc.yarn.1_20_1.1.20.1+build.10-v2.jar:?]
	at net.minecraft.client.gui.screen.Screen.wrapScreenError(Screen.java:409) ~[minecraft-merged-59d2b11f07-1.20.1-net.fabricmc.yarn.1_20_1.1.20.1+build.10-v2.jar:?]
	at net.minecraft.client.Mouse.onMouseButton(Mouse.java:98) ~[minecraft-merged-59d2b11f07-1.20.1-net.fabricmc.yarn.1_20_1.1.20.1+build.10-v2.jar:?]
	at net.minecraft.client.Mouse.method_22686(Mouse.java:169) ~[minecraft-merged-59d2b11f07-1.20.1-net.fabricmc.yarn.1_20_1.1.20.1+build.10-v2.jar:?]
	at net.minecraft.util.thread.ThreadExecutor.execute(ThreadExecutor.java:102) ~[minecraft-merged-59d2b11f07-1.20.1-net.fabricmc.yarn.1_20_1.1.20.1+build.10-v2.jar:?]
	at net.minecraft.client.Mouse.method_22684(Mouse.java:169) ~[minecraft-merged-59d2b11f07-1.20.1-net.fabricmc.yarn.1_20_1.1.20.1+build.10-v2.jar:?]
	at org.lwjgl.glfw.GLFWMouseButtonCallbackI.callback(GLFWMouseButtonCallbackI.java:43) ~[lwjgl-glfw-3.3.1.jar:build 7]
	at org.lwjgl.system.JNI.invokeV(Native Method) ~[lwjgl-3.3.1.jar:build 7]
	at org.lwjgl.glfw.GLFW.glfwPollEvents(GLFW.java:3403) ~[lwjgl-glfw-3.3.1.jar:build 7]
	at com.mojang.blaze3d.systems.RenderSystem.pollEvents(RenderSystem.java:201) ~[minecraft-merged-59d2b11f07-1.20.1-net.fabricmc.yarn.1_20_1.1.20.1+build.10-v2.jar:?]
	at com.mojang.blaze3d.systems.RenderSystem.flipFrame(RenderSystem.java:219) ~[minecraft-merged-59d2b11f07-1.20.1-net.fabricmc.yarn.1_20_1.1.20.1+build.10-v2.jar:?]
	at net.minecraft.client.util.Window.swapBuffers(Window.java:288) ~[minecraft-merged-59d2b11f07-1.20.1-net.fabricmc.yarn.1_20_1.1.20.1+build.10-v2.jar:?]
	at net.minecraft.client.MinecraftClient.render(MinecraftClient.java:1241) ~[minecraft-merged-59d2b11f07-1.20.1-net.fabricmc.yarn.1_20_1.1.20.1+build.10-v2.jar:?]
	at net.minecraft.client.MinecraftClient.run(MinecraftClient.java:802) ~[minecraft-merged-59d2b11f07-1.20.1-net.fabricmc.yarn.1_20_1.1.20.1+build.10-v2.jar:?]
	at net.minecraft.client.main.Main.main(Main.java:250) ~[minecraft-merged-59d2b11f07-1.20.1-net.fabricmc.yarn.1_20_1.1.20.1+build.10-v2.jar:?]
	at net.fabricmc.loader.impl.game.minecraft.MinecraftGameProvider.launch(MinecraftGameProvider.java:480) ~[fabric-loader-0.16.10.jar:?]
	at net.fabricmc.loader.impl.launch.knot.Knot.launch(Knot.java:74) ~[fabric-loader-0.16.10.jar:?]
	at net.fabricmc.loader.impl.launch.knot.KnotClient.main(KnotClient.java:23) ~[fabric-loader-0.16.10.jar:?]
	at net.fabricmc.devlaunchinjector.Main.main(Main.java:86) ~[dev-launch-injector-0.2.1+build.8.jar:?]
[14:52:42] [Render thread/WARN] (Iris) The following uniforms won't work, either because they are broken, or reference a broken uniform: 
endFlashFactor1, endFlashIntensityM
[14:52:44] [Render thread/INFO] (ChunkBuilder) Stopping worker threads
[14:52:44] [Render thread/INFO] (ChunkBuilder) Started 10 worker threads
[14:52:44] [Render thread/WARN] (Iris) Error while parsing the block ID map entry for "block.10104":
[14:52:44] [Render thread/WARN] (Iris) - The block minecraft:stone_slab has no property with the name variant, ignoring!
[14:52:44] [Render thread/INFO] (ChunkBuilder) Stopping worker threads
[14:52:44] [Render thread/INFO] (ChunkBuilder) Started 10 worker threads
[14:52:45] [Server thread/INFO] (Minecraft) Saving and pausing game...
[14:52:45] [Server thread/INFO] (Minecraft) Saving chunks for level 'ServerLevel[New World]'/minecraft:overworld
[14:52:45] [Server thread/INFO] (Minecraft) Saving chunks for level 'ServerLevel[New World]'/minecraft:the_nether
[14:52:45] [Server thread/INFO] (Minecraft) Saving chunks for level 'ServerLevel[New World]'/minecraft:the_end
[14:54:13] [Server thread/INFO] (Minecraft) Saving and pausing game...
[14:54:13] [Server thread/INFO] (Minecraft) Saving chunks for level 'ServerLevel[New World]'/minecraft:overworld
[14:54:13] [Server thread/INFO] (Minecraft) Saving chunks for level 'ServerLevel[New World]'/minecraft:the_nether
[14:54:13] [Server thread/INFO] (Minecraft) Saving chunks for level 'ServerLevel[New World]'/minecraft:the_end
[14:54:17] [Render thread/INFO] (Minecraft) OpenGL debug message: id=1280, source=API, type=ERROR, severity=HIGH, message='GL_INVALID_ENUM error generated.'
[14:54:17] [Server thread/INFO] (Minecraft) Saving and pausing game...
[14:54:17] [Server thread/INFO] (Minecraft) Saving chunks for level 'ServerLevel[New World]'/minecraft:overworld
[14:54:17] [Server thread/INFO] (Minecraft) Saving chunks for level 'ServerLevel[New World]'/minecraft:the_nether
[14:54:17] [Server thread/INFO] (Minecraft) Saving chunks for level 'ServerLevel[New World]'/minecraft:the_end
[14:54:17] [Render thread/INFO] (Iris) Destroying pipeline minecraft:overworld
[14:54:17] [Render thread/INFO] (Iris) Shaders are disabled because enableShaders is set to false in iris.properties
[14:54:17] [Render thread/INFO] (Iris) Creating pipeline for dimension minecraft:overworld
[14:54:17] [Render thread/INFO] (ChunkBuilder) Stopping worker threads
[14:54:17] [Render thread/INFO] (ChunkBuilder) Started 10 worker threads
[14:54:17] [Render thread/INFO] (Minecraft) [System] [CHAT] Shaders disabled!
[14:54:19] [Server thread/INFO] (Minecraft) Saving and pausing game...
[14:54:19] [Server thread/INFO] (Minecraft) Saving chunks for level 'ServerLevel[New World]'/minecraft:overworld
[14:54:19] [Server thread/INFO] (Minecraft) Saving chunks for level 'ServerLevel[New World]'/minecraft:the_nether
[14:54:19] [Server thread/INFO] (Minecraft) Saving chunks for level 'ServerLevel[New World]'/minecraft:the_end
[14:54:21] [Server thread/INFO] (Minecraft) Saving and pausing game...
[14:54:21] [Server thread/INFO] (Minecraft) Saving chunks for level 'ServerLevel[New World]'/minecraft:overworld
[14:54:21] [Server thread/INFO] (Minecraft) Saving chunks for level 'ServerLevel[New World]'/minecraft:the_nether
[14:54:21] [Server thread/INFO] (Minecraft) Saving chunks for level 'ServerLevel[New World]'/minecraft:the_end
[14:54:30] [Render thread/INFO] (Minecraft) OpenGL debug message: id=1280, source=API, type=ERROR, severity=HIGH, message='GL_INVALID_ENUM error generated.'
[14:54:55] [Server thread/INFO] (Minecraft) [Player417: Set the time to 1000]
[14:54:55] [Render thread/INFO] (Minecraft) [System] [CHAT] Set the time to 1000
[14:54:59] [Server thread/INFO] (Minecraft) Saving and pausing game...
[14:54:59] [Server thread/INFO] (Minecraft) Saving chunks for level 'ServerLevel[New World]'/minecraft:overworld
[14:54:59] [Server thread/INFO] (Minecraft) Saving chunks for level 'ServerLevel[New World]'/minecraft:the_nether
[14:54:59] [Server thread/INFO] (Minecraft) Saving chunks for level 'ServerLevel[New World]'/minecraft:the_end
[14:55:02] [Render thread/INFO] (ChunkBuilder) Stopping worker threads
[14:55:02] [Render thread/INFO] (ChunkBuilder) Started 10 worker threads
[14:55:02] [Render thread/INFO] (Sodium) Flushed changes to Minecraft configuration
[14:55:03] [Server thread/INFO] (Minecraft) Changing view distance to 32, from 12
[14:55:03] [Render thread/INFO] (ChunkBuilder) Stopping worker threads
[14:55:03] [Render thread/INFO] (ChunkBuilder) Started 10 worker threads
[14:55:03] [Server thread/INFO] (Minecraft) Saving and pausing game...
[14:55:03] [Server thread/INFO] (Minecraft) Saving chunks for level 'ServerLevel[New World]'/minecraft:overworld
[14:55:03] [Server thread/INFO] (Minecraft) Saving chunks for level 'ServerLevel[New World]'/minecraft:the_nether
[14:55:03] [Server thread/INFO] (Minecraft) Saving chunks for level 'ServerLevel[New World]'/minecraft:the_end
[14:55:10] [Server thread/INFO] (Minecraft) Saving and pausing game...
[14:55:10] [Server thread/INFO] (Minecraft) Saving chunks for level 'ServerLevel[New World]'/minecraft:overworld
[14:55:10] [Server thread/INFO] (Minecraft) Saving chunks for level 'ServerLevel[New World]'/minecraft:the_nether
[14:55:10] [Server thread/INFO] (Minecraft) Saving chunks for level 'ServerLevel[New World]'/minecraft:the_end
[14:55:10] [Server thread/INFO] (Minecraft) Saving and pausing game...
[14:55:10] [Server thread/INFO] (Minecraft) Saving chunks for level 'ServerLevel[New World]'/minecraft:overworld
[14:55:10] [Server thread/INFO] (Minecraft) Saving chunks for level 'ServerLevel[New World]'/minecraft:the_nether
[14:55:10] [Server thread/INFO] (Minecraft) Saving chunks for level 'ServerLevel[New World]'/minecraft:the_end
[14:55:19] [Render thread/INFO] (Minecraft) [System] [CHAT] Unknown or incomplete command, see below for error
[14:55:19] [Render thread/INFO] (Minecraft) [System] [CHAT] ...ight comet<--[HERE]
[14:55:20] [Server thread/INFO] (Minecraft) [Player417: Set time to midnight and cleared the forced Celestara comet override.]
[14:55:20] [Render thread/INFO] (Minecraft) [System] [CHAT] Set time to midnight and cleared the forced Celestara comet override.
[14:55:23] [Server thread/INFO] (Minecraft) [Player417: Set time to midnight and queued a guaranteed early Celestara comet. Meteor shower nights still suppress comets.]
[14:55:23] [Render thread/INFO] (Minecraft) [System] [CHAT] Set time to midnight and queued a guaranteed early Celestara comet. Meteor shower nights still suppress comets.
[14:56:03] [Render thread/INFO] (Iris) Destroying pipeline minecraft:overworld
[14:56:03] [Render thread/INFO] (Iris) Profile: Custom (+1 option changed by user)
[14:56:04] [Render thread/INFO] (Iris) Using shaderpack: ComplementaryUnbound_r5.8.zip
[14:56:04] [Render thread/INFO] (Iris) Creating pipeline for dimension minecraft:overworld
[14:56:04] [Render thread/WARN] (Iris) Failed to resolve uniform inPaleGarden, reason: Unknown variable: BIOME_PALE_GARDEN ( = FunctionCall{smooth {[Number{54}, FunctionCall{if {[FunctionCall{in {[Id{biome}, Id{BIOME_PALE_GARDEN}]} }, Number{1}, Number{0}]} }, Number{15}, Number{15}]} })
java.lang.RuntimeException: Unknown variable: BIOME_PALE_GARDEN
	at kroppeb.stareval.resolver.ExpressionResolver.resolveExpressionInternal(ExpressionResolver.java:220) ~[iris-1.7.6+mc1.20.1-64b5720b4b825f21.jar:?]
	at kroppeb.stareval.resolver.ExpressionResolver.resolveCallExpressionInternal(ExpressionResolver.java:81) ~[iris-1.7.6+mc1.20.1-64b5720b4b825f21.jar:?]
	at kroppeb.stareval.resolver.ExpressionResolver.resolveCallExpression(ExpressionResolver.java:140) ~[iris-1.7.6+mc1.20.1-64b5720b4b825f21.jar:?]
	at kroppeb.stareval.resolver.ExpressionResolver.resolveExpressionInternal(ExpressionResolver.java:194) ~[iris-1.7.6+mc1.20.1-64b5720b4b825f21.jar:?]
	at kroppeb.stareval.resolver.ExpressionResolver.resolveCallExpressionInternal(ExpressionResolver.java:81) ~[iris-1.7.6+mc1.20.1-64b5720b4b825f21.jar:?]
	at kroppeb.stareval.resolver.ExpressionResolver.resolveCallExpression(ExpressionResolver.java:140) ~[iris-1.7.6+mc1.20.1-64b5720b4b825f21.jar:?]
	at kroppeb.stareval.resolver.ExpressionResolver.resolveCallExpression(ExpressionResolver.java:127) ~[iris-1.7.6+mc1.20.1-64b5720b4b825f21.jar:?]
	at kroppeb.stareval.resolver.ExpressionResolver.resolveExpressionInternal(ExpressionResolver.java:194) ~[iris-1.7.6+mc1.20.1-64b5720b4b825f21.jar:?]
	at kroppeb.stareval.resolver.ExpressionResolver.resolveCallExpressionInternal(ExpressionResolver.java:81) ~[iris-1.7.6+mc1.20.1-64b5720b4b825f21.jar:?]
	at kroppeb.stareval.resolver.ExpressionResolver.resolveCallExpression(ExpressionResolver.java:140) ~[iris-1.7.6+mc1.20.1-64b5720b4b825f21.jar:?]
	at kroppeb.stareval.resolver.ExpressionResolver.resolveExpressionInternal(ExpressionResolver.java:194) ~[iris-1.7.6+mc1.20.1-64b5720b4b825f21.jar:?]
	at kroppeb.stareval.resolver.ExpressionResolver.resolveExpression(ExpressionResolver.java:50) ~[iris-1.7.6+mc1.20.1-64b5720b4b825f21.jar:?]
	at net.irisshaders.iris.uniforms.custom.CustomUniforms.<init>(CustomUniforms.java:62) ~[iris-1.7.6+mc1.20.1-64b5720b4b825f21.jar:?]
	at net.irisshaders.iris.uniforms.custom.CustomUniforms$Builder.build(CustomUniforms.java:333) ~[iris-1.7.6+mc1.20.1-64b5720b4b825f21.jar:?]
	at net.irisshaders.iris.uniforms.custom.CustomUniforms$Builder.build(CustomUniforms.java:344) ~[iris-1.7.6+mc1.20.1-64b5720b4b825f21.jar:?]
	at net.irisshaders.iris.pipeline.IrisRenderingPipeline.<init>(IrisRenderingPipeline.java:267) ~[iris-1.7.6+mc1.20.1-64b5720b4b825f21.jar:?]
	at net.irisshaders.iris.Iris.createPipeline(Iris.java:594) ~[iris-1.7.6+mc1.20.1-64b5720b4b825f21.jar:?]
	at net.irisshaders.iris.pipeline.PipelineManager.preparePipeline(PipelineManager.java:33) ~[iris-1.7.6+mc1.20.1-64b5720b4b825f21.jar:?]
	at net.irisshaders.iris.Iris.reload(Iris.java:545) ~[iris-1.7.6+mc1.20.1-64b5720b4b825f21.jar:?]
	at net.irisshaders.iris.Iris.toggleShaders(Iris.java:202) ~[iris-1.7.6+mc1.20.1-64b5720b4b825f21.jar:?]
	at net.irisshaders.iris.Iris.handleKeybinds(Iris.java:175) ~[iris-1.7.6+mc1.20.1-64b5720b4b825f21.jar:?]
	at net.minecraft.client.MinecraftClient.handler$zef000$iris$onTick(MinecraftClient.java:4512) ~[minecraft-merged-59d2b11f07-1.20.1-net.fabricmc.yarn.1_20_1.1.20.1+build.10-v2.jar:?]
	at net.minecraft.client.MinecraftClient.tick(MinecraftClient.java:1957) ~[minecraft-merged-59d2b11f07-1.20.1-net.fabricmc.yarn.1_20_1.1.20.1+build.10-v2.jar:?]
	at net.minecraft.client.MinecraftClient.render(MinecraftClient.java:1181) ~[minecraft-merged-59d2b11f07-1.20.1-net.fabricmc.yarn.1_20_1.1.20.1+build.10-v2.jar:?]
	at net.minecraft.client.MinecraftClient.run(MinecraftClient.java:802) ~[minecraft-merged-59d2b11f07-1.20.1-net.fabricmc.yarn.1_20_1.1.20.1+build.10-v2.jar:?]
	at net.minecraft.client.main.Main.main(Main.java:250) ~[minecraft-merged-59d2b11f07-1.20.1-net.fabricmc.yarn.1_20_1.1.20.1+build.10-v2.jar:?]
	at net.fabricmc.loader.impl.game.minecraft.MinecraftGameProvider.launch(MinecraftGameProvider.java:480) ~[fabric-loader-0.16.10.jar:?]
	at net.fabricmc.loader.impl.launch.knot.Knot.launch(Knot.java:74) ~[fabric-loader-0.16.10.jar:?]
	at net.fabricmc.loader.impl.launch.knot.KnotClient.main(KnotClient.java:23) ~[fabric-loader-0.16.10.jar:?]
	at net.fabricmc.devlaunchinjector.Main.main(Main.java:86) ~[dev-launch-injector-0.2.1+build.8.jar:?]
[14:56:04] [Render thread/WARN] (Iris) Failed to resolve uniform endFlashFactor0, reason: Unknown variable: endFlashIntensity ( = BinaryExpr{ {FunctionCall{min {[Id{endFlashIntensity}, Number{0.5}]} }} multiply{0} {Number{2.0}} })
java.lang.RuntimeException: Unknown variable: endFlashIntensity
	at kroppeb.stareval.resolver.ExpressionResolver.resolveExpressionInternal(ExpressionResolver.java:220) ~[iris-1.7.6+mc1.20.1-64b5720b4b825f21.jar:?]
	at kroppeb.stareval.resolver.ExpressionResolver.resolveCallExpressionInternal(ExpressionResolver.java:81) ~[iris-1.7.6+mc1.20.1-64b5720b4b825f21.jar:?]
	at kroppeb.stareval.resolver.ExpressionResolver.resolveCallExpression(ExpressionResolver.java:111) ~[iris-1.7.6+mc1.20.1-64b5720b4b825f21.jar:?]
	at kroppeb.stareval.resolver.ExpressionResolver.resolveExpressionInternal(ExpressionResolver.java:194) ~[iris-1.7.6+mc1.20.1-64b5720b4b825f21.jar:?]
	at kroppeb.stareval.resolver.ExpressionResolver.resolveCallExpressionInternal(ExpressionResolver.java:81) ~[iris-1.7.6+mc1.20.1-64b5720b4b825f21.jar:?]
	at kroppeb.stareval.resolver.ExpressionResolver.resolveCallExpression(ExpressionResolver.java:111) ~[iris-1.7.6+mc1.20.1-64b5720b4b825f21.jar:?]
	at kroppeb.stareval.resolver.ExpressionResolver.resolveExpressionInternal(ExpressionResolver.java:191) ~[iris-1.7.6+mc1.20.1-64b5720b4b825f21.jar:?]
	at kroppeb.stareval.resolver.ExpressionResolver.resolveExpression(ExpressionResolver.java:50) ~[iris-1.7.6+mc1.20.1-64b5720b4b825f21.jar:?]
	at net.irisshaders.iris.uniforms.custom.CustomUniforms.<init>(CustomUniforms.java:62) ~[iris-1.7.6+mc1.20.1-64b5720b4b825f21.jar:?]
	at net.irisshaders.iris.uniforms.custom.CustomUniforms$Builder.build(CustomUniforms.java:333) ~[iris-1.7.6+mc1.20.1-64b5720b4b825f21.jar:?]
	at net.irisshaders.iris.uniforms.custom.CustomUniforms$Builder.build(CustomUniforms.java:344) ~[iris-1.7.6+mc1.20.1-64b5720b4b825f21.jar:?]
	at net.irisshaders.iris.pipeline.IrisRenderingPipeline.<init>(IrisRenderingPipeline.java:267) ~[iris-1.7.6+mc1.20.1-64b5720b4b825f21.jar:?]
	at net.irisshaders.iris.Iris.createPipeline(Iris.java:594) ~[iris-1.7.6+mc1.20.1-64b5720b4b825f21.jar:?]
	at net.irisshaders.iris.pipeline.PipelineManager.preparePipeline(PipelineManager.java:33) ~[iris-1.7.6+mc1.20.1-64b5720b4b825f21.jar:?]
	at net.irisshaders.iris.Iris.reload(Iris.java:545) ~[iris-1.7.6+mc1.20.1-64b5720b4b825f21.jar:?]
	at net.irisshaders.iris.Iris.toggleShaders(Iris.java:202) ~[iris-1.7.6+mc1.20.1-64b5720b4b825f21.jar:?]
	at net.irisshaders.iris.Iris.handleKeybinds(Iris.java:175) ~[iris-1.7.6+mc1.20.1-64b5720b4b825f21.jar:?]
	at net.minecraft.client.MinecraftClient.handler$zef000$iris$onTick(MinecraftClient.java:4512) ~[minecraft-merged-59d2b11f07-1.20.1-net.fabricmc.yarn.1_20_1.1.20.1+build.10-v2.jar:?]
	at net.minecraft.client.MinecraftClient.tick(MinecraftClient.java:1957) ~[minecraft-merged-59d2b11f07-1.20.1-net.fabricmc.yarn.1_20_1.1.20.1+build.10-v2.jar:?]
	at net.minecraft.client.MinecraftClient.render(MinecraftClient.java:1181) ~[minecraft-merged-59d2b11f07-1.20.1-net.fabricmc.yarn.1_20_1.1.20.1+build.10-v2.jar:?]
	at net.minecraft.client.MinecraftClient.run(MinecraftClient.java:802) ~[minecraft-merged-59d2b11f07-1.20.1-net.fabricmc.yarn.1_20_1.1.20.1+build.10-v2.jar:?]
	at net.minecraft.client.main.Main.main(Main.java:250) ~[minecraft-merged-59d2b11f07-1.20.1-net.fabricmc.yarn.1_20_1.1.20.1+build.10-v2.jar:?]
	at net.fabricmc.loader.impl.game.minecraft.MinecraftGameProvider.launch(MinecraftGameProvider.java:480) ~[fabric-loader-0.16.10.jar:?]
	at net.fabricmc.loader.impl.launch.knot.Knot.launch(Knot.java:74) ~[fabric-loader-0.16.10.jar:?]
	at net.fabricmc.loader.impl.launch.knot.KnotClient.main(KnotClient.java:23) ~[fabric-loader-0.16.10.jar:?]
	at net.fabricmc.devlaunchinjector.Main.main(Main.java:86) ~[dev-launch-injector-0.2.1+build.8.jar:?]
[14:56:04] [Render thread/WARN] (Iris) The following uniforms won't work, either because they are broken, or reference a broken uniform: 
endFlashFactor1, endFlashIntensityM
[14:56:05] [Render thread/INFO] (ChunkBuilder) Stopping worker threads
[14:56:05] [Render thread/INFO] (ChunkBuilder) Started 10 worker threads
[14:56:05] [Render thread/INFO] (Minecraft) [System] [CHAT] Toggled shaders to ComplementaryUnbound_r5.8.zip!
[14:56:05] [Render thread/WARN] (Iris) Error while parsing the block ID map entry for "block.10104":
[14:56:05] [Render thread/WARN] (Iris) - The block minecraft:stone_slab has no property with the name variant, ignoring!
[14:56:05] [Render thread/INFO] (ChunkBuilder) Stopping worker threads
[14:56:05] [Render thread/INFO] (ChunkBuilder) Started 10 worker threads
[14:56:14] [Render thread/INFO] (Iris) Destroying pipeline minecraft:overworld
[14:56:14] [Render thread/INFO] (Iris) Shaders are disabled because enableShaders is set to false in iris.properties
[14:56:14] [Render thread/INFO] (Iris) Creating pipeline for dimension minecraft:overworld
[14:56:14] [Render thread/INFO] (ChunkBuilder) Stopping worker threads
[14:56:14] [Render thread/INFO] (ChunkBuilder) Started 10 worker threads
[14:56:14] [Render thread/INFO] (Minecraft) [System] [CHAT] Shaders disabled!
[14:56:15] [Render thread/INFO] (Iris) Destroying pipeline minecraft:overworld
[14:56:15] [Render thread/INFO] (Iris) Profile: Custom (+1 option changed by user)
[14:56:15] [Render thread/INFO] (Iris) Using shaderpack: ComplementaryUnbound_r5.8.zip
[14:56:15] [Render thread/INFO] (Iris) Creating pipeline for dimension minecraft:overworld
[14:56:15] [Render thread/WARN] (Iris) Failed to resolve uniform inPaleGarden, reason: Unknown variable: BIOME_PALE_GARDEN ( = FunctionCall{smooth {[Number{54}, FunctionCall{if {[FunctionCall{in {[Id{biome}, Id{BIOME_PALE_GARDEN}]} }, Number{1}, Number{0}]} }, Number{15}, Number{15}]} })
java.lang.RuntimeException: Unknown variable: BIOME_PALE_GARDEN
	at kroppeb.stareval.resolver.ExpressionResolver.resolveExpressionInternal(ExpressionResolver.java:220) ~[iris-1.7.6+mc1.20.1-64b5720b4b825f21.jar:?]
	at kroppeb.stareval.resolver.ExpressionResolver.resolveCallExpressionInternal(ExpressionResolver.java:81) ~[iris-1.7.6+mc1.20.1-64b5720b4b825f21.jar:?]
	at kroppeb.stareval.resolver.ExpressionResolver.resolveCallExpression(ExpressionResolver.java:140) ~[iris-1.7.6+mc1.20.1-64b5720b4b825f21.jar:?]
	at kroppeb.stareval.resolver.ExpressionResolver.resolveExpressionInternal(ExpressionResolver.java:194) ~[iris-1.7.6+mc1.20.1-64b5720b4b825f21.jar:?]
	at kroppeb.stareval.resolver.ExpressionResolver.resolveCallExpressionInternal(ExpressionResolver.java:81) ~[iris-1.7.6+mc1.20.1-64b5720b4b825f21.jar:?]
	at kroppeb.stareval.resolver.ExpressionResolver.resolveCallExpression(ExpressionResolver.java:140) ~[iris-1.7.6+mc1.20.1-64b5720b4b825f21.jar:?]
	at kroppeb.stareval.resolver.ExpressionResolver.resolveCallExpression(ExpressionResolver.java:127) ~[iris-1.7.6+mc1.20.1-64b5720b4b825f21.jar:?]
	at kroppeb.stareval.resolver.ExpressionResolver.resolveExpressionInternal(ExpressionResolver.java:194) ~[iris-1.7.6+mc1.20.1-64b5720b4b825f21.jar:?]
	at kroppeb.stareval.resolver.ExpressionResolver.resolveCallExpressionInternal(ExpressionResolver.java:81) ~[iris-1.7.6+mc1.20.1-64b5720b4b825f21.jar:?]
	at kroppeb.stareval.resolver.ExpressionResolver.resolveCallExpression(ExpressionResolver.java:140) ~[iris-1.7.6+mc1.20.1-64b5720b4b825f21.jar:?]
	at kroppeb.stareval.resolver.ExpressionResolver.resolveExpressionInternal(ExpressionResolver.java:194) ~[iris-1.7.6+mc1.20.1-64b5720b4b825f21.jar:?]
	at kroppeb.stareval.resolver.ExpressionResolver.resolveExpression(ExpressionResolver.java:50) ~[iris-1.7.6+mc1.20.1-64b5720b4b825f21.jar:?]
	at net.irisshaders.iris.uniforms.custom.CustomUniforms.<init>(CustomUniforms.java:62) ~[iris-1.7.6+mc1.20.1-64b5720b4b825f21.jar:?]
	at net.irisshaders.iris.uniforms.custom.CustomUniforms$Builder.build(CustomUniforms.java:333) ~[iris-1.7.6+mc1.20.1-64b5720b4b825f21.jar:?]
	at net.irisshaders.iris.uniforms.custom.CustomUniforms$Builder.build(CustomUniforms.java:344) ~[iris-1.7.6+mc1.20.1-64b5720b4b825f21.jar:?]
	at net.irisshaders.iris.pipeline.IrisRenderingPipeline.<init>(IrisRenderingPipeline.java:267) ~[iris-1.7.6+mc1.20.1-64b5720b4b825f21.jar:?]
	at net.irisshaders.iris.Iris.createPipeline(Iris.java:594) ~[iris-1.7.6+mc1.20.1-64b5720b4b825f21.jar:?]
	at net.irisshaders.iris.pipeline.PipelineManager.preparePipeline(PipelineManager.java:33) ~[iris-1.7.6+mc1.20.1-64b5720b4b825f21.jar:?]
	at net.irisshaders.iris.Iris.reload(Iris.java:545) ~[iris-1.7.6+mc1.20.1-64b5720b4b825f21.jar:?]
	at net.irisshaders.iris.Iris.toggleShaders(Iris.java:202) ~[iris-1.7.6+mc1.20.1-64b5720b4b825f21.jar:?]
	at net.irisshaders.iris.Iris.handleKeybinds(Iris.java:175) ~[iris-1.7.6+mc1.20.1-64b5720b4b825f21.jar:?]
	at net.minecraft.client.MinecraftClient.handler$zef000$iris$onTick(MinecraftClient.java:4512) ~[minecraft-merged-59d2b11f07-1.20.1-net.fabricmc.yarn.1_20_1.1.20.1+build.10-v2.jar:?]
	at net.minecraft.client.MinecraftClient.tick(MinecraftClient.java:1957) ~[minecraft-merged-59d2b11f07-1.20.1-net.fabricmc.yarn.1_20_1.1.20.1+build.10-v2.jar:?]
	at net.minecraft.client.MinecraftClient.render(MinecraftClient.java:1181) ~[minecraft-merged-59d2b11f07-1.20.1-net.fabricmc.yarn.1_20_1.1.20.1+build.10-v2.jar:?]
	at net.minecraft.client.MinecraftClient.run(MinecraftClient.java:802) ~[minecraft-merged-59d2b11f07-1.20.1-net.fabricmc.yarn.1_20_1.1.20.1+build.10-v2.jar:?]
	at net.minecraft.client.main.Main.main(Main.java:250) ~[minecraft-merged-59d2b11f07-1.20.1-net.fabricmc.yarn.1_20_1.1.20.1+build.10-v2.jar:?]
	at net.fabricmc.loader.impl.game.minecraft.MinecraftGameProvider.launch(MinecraftGameProvider.java:480) ~[fabric-loader-0.16.10.jar:?]
	at net.fabricmc.loader.impl.launch.knot.Knot.launch(Knot.java:74) ~[fabric-loader-0.16.10.jar:?]
	at net.fabricmc.loader.impl.launch.knot.KnotClient.main(KnotClient.java:23) ~[fabric-loader-0.16.10.jar:?]
	at net.fabricmc.devlaunchinjector.Main.main(Main.java:86) ~[dev-launch-injector-0.2.1+build.8.jar:?]
[14:56:15] [Render thread/WARN] (Iris) Failed to resolve uniform endFlashFactor0, reason: Unknown variable: endFlashIntensity ( = BinaryExpr{ {FunctionCall{min {[Id{endFlashIntensity}, Number{0.5}]} }} multiply{0} {Number{2.0}} })
java.lang.RuntimeException: Unknown variable: endFlashIntensity
	at kroppeb.stareval.resolver.ExpressionResolver.resolveExpressionInternal(ExpressionResolver.java:220) ~[iris-1.7.6+mc1.20.1-64b5720b4b825f21.jar:?]
	at kroppeb.stareval.resolver.ExpressionResolver.resolveCallExpressionInternal(ExpressionResolver.java:81) ~[iris-1.7.6+mc1.20.1-64b5720b4b825f21.jar:?]
	at kroppeb.stareval.resolver.ExpressionResolver.resolveCallExpression(ExpressionResolver.java:111) ~[iris-1.7.6+mc1.20.1-64b5720b4b825f21.jar:?]
	at kroppeb.stareval.resolver.ExpressionResolver.resolveExpressionInternal(ExpressionResolver.java:194) ~[iris-1.7.6+mc1.20.1-64b5720b4b825f21.jar:?]
	at kroppeb.stareval.resolver.ExpressionResolver.resolveCallExpressionInternal(ExpressionResolver.java:81) ~[iris-1.7.6+mc1.20.1-64b5720b4b825f21.jar:?]
	at kroppeb.stareval.resolver.ExpressionResolver.resolveCallExpression(ExpressionResolver.java:111) ~[iris-1.7.6+mc1.20.1-64b5720b4b825f21.jar:?]
	at kroppeb.stareval.resolver.ExpressionResolver.resolveExpressionInternal(ExpressionResolver.java:191) ~[iris-1.7.6+mc1.20.1-64b5720b4b825f21.jar:?]
	at kroppeb.stareval.resolver.ExpressionResolver.resolveExpression(ExpressionResolver.java:50) ~[iris-1.7.6+mc1.20.1-64b5720b4b825f21.jar:?]
	at net.irisshaders.iris.uniforms.custom.CustomUniforms.<init>(CustomUniforms.java:62) ~[iris-1.7.6+mc1.20.1-64b5720b4b825f21.jar:?]
	at net.irisshaders.iris.uniforms.custom.CustomUniforms$Builder.build(CustomUniforms.java:333) ~[iris-1.7.6+mc1.20.1-64b5720b4b825f21.jar:?]
	at net.irisshaders.iris.uniforms.custom.CustomUniforms$Builder.build(CustomUniforms.java:344) ~[iris-1.7.6+mc1.20.1-64b5720b4b825f21.jar:?]
	at net.irisshaders.iris.pipeline.IrisRenderingPipeline.<init>(IrisRenderingPipeline.java:267) ~[iris-1.7.6+mc1.20.1-64b5720b4b825f21.jar:?]
	at net.irisshaders.iris.Iris.createPipeline(Iris.java:594) ~[iris-1.7.6+mc1.20.1-64b5720b4b825f21.jar:?]
	at net.irisshaders.iris.pipeline.PipelineManager.preparePipeline(PipelineManager.java:33) ~[iris-1.7.6+mc1.20.1-64b5720b4b825f21.jar:?]
	at net.irisshaders.iris.Iris.reload(Iris.java:545) ~[iris-1.7.6+mc1.20.1-64b5720b4b825f21.jar:?]
	at net.irisshaders.iris.Iris.toggleShaders(Iris.java:202) ~[iris-1.7.6+mc1.20.1-64b5720b4b825f21.jar:?]
	at net.irisshaders.iris.Iris.handleKeybinds(Iris.java:175) ~[iris-1.7.6+mc1.20.1-64b5720b4b825f21.jar:?]
	at net.minecraft.client.MinecraftClient.handler$zef000$iris$onTick(MinecraftClient.java:4512) ~[minecraft-merged-59d2b11f07-1.20.1-net.fabricmc.yarn.1_20_1.1.20.1+build.10-v2.jar:?]
	at net.minecraft.client.MinecraftClient.tick(MinecraftClient.java:1957) ~[minecraft-merged-59d2b11f07-1.20.1-net.fabricmc.yarn.1_20_1.1.20.1+build.10-v2.jar:?]
	at net.minecraft.client.MinecraftClient.render(MinecraftClient.java:1181) ~[minecraft-merged-59d2b11f07-1.20.1-net.fabricmc.yarn.1_20_1.1.20.1+build.10-v2.jar:?]
	at net.minecraft.client.MinecraftClient.run(MinecraftClient.java:802) ~[minecraft-merged-59d2b11f07-1.20.1-net.fabricmc.yarn.1_20_1.1.20.1+build.10-v2.jar:?]
	at net.minecraft.client.main.Main.main(Main.java:250) ~[minecraft-merged-59d2b11f07-1.20.1-net.fabricmc.yarn.1_20_1.1.20.1+build.10-v2.jar:?]
	at net.fabricmc.loader.impl.game.minecraft.MinecraftGameProvider.launch(MinecraftGameProvider.java:480) ~[fabric-loader-0.16.10.jar:?]
	at net.fabricmc.loader.impl.launch.knot.Knot.launch(Knot.java:74) ~[fabric-loader-0.16.10.jar:?]
	at net.fabricmc.loader.impl.launch.knot.KnotClient.main(KnotClient.java:23) ~[fabric-loader-0.16.10.jar:?]
	at net.fabricmc.devlaunchinjector.Main.main(Main.java:86) ~[dev-launch-injector-0.2.1+build.8.jar:?]
[14:56:15] [Render thread/WARN] (Iris) The following uniforms won't work, either because they are broken, or reference a broken uniform: 
endFlashFactor1, endFlashIntensityM
[14:56:16] [Render thread/INFO] (ChunkBuilder) Stopping worker threads
[14:56:16] [Render thread/INFO] (ChunkBuilder) Started 10 worker threads
[14:56:16] [Render thread/INFO] (Minecraft) [System] [CHAT] Toggled shaders to ComplementaryUnbound_r5.8.zip!
[14:56:16] [Render thread/WARN] (Iris) Error while parsing the block ID map entry for "block.10104":
[14:56:16] [Render thread/WARN] (Iris) - The block minecraft:stone_slab has no property with the name variant, ignoring!
[14:56:16] [Render thread/INFO] (ChunkBuilder) Stopping worker threads
[14:56:16] [Render thread/INFO] (ChunkBuilder) Started 10 worker threads
[14:56:26] [Render thread/INFO] (Iris) Destroying pipeline minecraft:overworld
[14:56:26] [Render thread/INFO] (Iris) Shaders are disabled because enableShaders is set to false in iris.properties
[14:56:26] [Render thread/INFO] (Iris) Creating pipeline for dimension minecraft:overworld
[14:56:26] [Render thread/INFO] (ChunkBuilder) Stopping worker threads
[14:56:26] [Render thread/INFO] (ChunkBuilder) Started 10 worker threads
[14:56:26] [Render thread/INFO] (Minecraft) [System] [CHAT] Shaders disabled!
[14:56:28] [Server thread/INFO] (Minecraft) Saving and pausing game...
[14:56:28] [Server thread/INFO] (Minecraft) Saving chunks for level 'ServerLevel[New World]'/minecraft:overworld
[14:56:28] [Server thread/INFO] (Minecraft) Saving chunks for level 'ServerLevel[New World]'/minecraft:the_nether
[14:56:28] [Server thread/INFO] (Minecraft) Saving chunks for level 'ServerLevel[New World]'/minecraft:the_end
[14:56:29] [Server thread/INFO] (Minecraft) Player417 lost connection: Disconnected
[14:56:29] [Server thread/INFO] (Minecraft) Player417 left the game
[14:56:29] [Server thread/INFO] (Minecraft) Stopping singleplayer server as player logged out
[14:56:29] [Server thread/INFO] (Minecraft) Stopping server
[14:56:29] [Server thread/INFO] (Minecraft) Saving players
[14:56:29] [Server thread/INFO] (Minecraft) Saving worlds
[14:56:30] [Server thread/INFO] (Minecraft) Saving chunks for level 'ServerLevel[New World]'/minecraft:overworld
[14:57:27] [Server thread/INFO] (Minecraft) Saving chunks for level 'ServerLevel[New World]'/minecraft:the_nether
[14:57:27] [Server thread/INFO] (Minecraft) Saving chunks for level 'ServerLevel[New World]'/minecraft:the_end
[14:57:27] [Server thread/INFO] (Minecraft) ThreadedAnvilChunkStorage (New World): All chunks are saved
[14:57:27] [Server thread/INFO] (Minecraft) ThreadedAnvilChunkStorage (DIM-1): All chunks are saved
[14:57:27] [Server thread/INFO] (Minecraft) ThreadedAnvilChunkStorage (DIM1): All chunks are saved
[14:57:27] [Server thread/INFO] (Minecraft) ThreadedAnvilChunkStorage: All dimensions are saved
[14:57:28] [Render thread/INFO] (ChunkBuilder) Stopping worker threads
[14:57:28] [Render thread/INFO] (Minecraft) Stopping!
